// Jest Snapshot v1, https://goo.gl/fbAQLP

exports[`on landing to manage school should render manage school correctly 1`] = `
{
  "$$typeof": Symbol(react.transitional.element),
  "_owner": null,
  "_store": {},
  "key": null,
  "props": {
    "children": {
      "$$typeof": Symbol(react.transitional.element),
      "_owner": null,
      "_store": {},
      "key": null,
      "props": {
        "navigation": {
          "push": [Function],
        },
      },
      "type": [Function],
    },
  },
  "type": {
    "$$typeof": Symbol(react.forward_ref),
    "render": [Function],
  },
}
`;
