// Jest Snapshot v1, https://goo.gl/fbAQLP

exports[`TurnOnBluetooth Screen should render TurnOnBluetooth screen correctly 1`] = `
<View
  style={
    {
      "backgroundColor": "#FFFFFF",
      "flex": 1,
    }
  }
>
  <Image
    collapsable={false}
    resizeMode="stretch"
    source={
      {
        "default": "",
      }
    }
    style={
      {
        "height": 2000,
        "marginTop": -1000,
        "position": "absolute",
        "transform": [
          {
            "translateY": 0,
          },
        ],
        "width": 1502,
        "zIndex": -1,
      }
    }
  />
  <View
    accessibilityState={
      {
        "busy": undefined,
        "checked": undefined,
        "disabled": undefined,
        "expanded": undefined,
        "selected": undefined,
      }
    }
    accessibilityValue={
      {
        "max": undefined,
        "min": undefined,
        "now": undefined,
        "text": undefined,
      }
    }
    accessible={true}
    collapsable={false}
    focusable={true}
    hitSlop={
      {
        "bottom": 20,
        "left": 20,
        "right": 10,
        "top": 10,
      }
    }
    onClick={[Function]}
    onResponderGrant={[Function]}
    onResponderMove={[Function]}
    onResponderRelease={[Function]}
    onResponderTerminate={[Function]}
    onResponderTerminationRequest={[Function]}
    onStartShouldSetResponder={[Function]}
    style={
      {
        "opacity": 1,
        "position": "absolute",
        "right": 32,
        "top": 106,
      }
    }
  >
    <
      height={48}
      width={48}
    />
  </View>
  <View
    style={
      {
        "alignSelf": "center",
        "height": 600,
        "marginTop": 240,
        "width": 600,
      }
    }
    testID="lottieWave"
  >
    <View
      collapsable={false}
      style={
        {
          "alignItems": "center",
          "height": 600,
          "opacity": 0,
          "width": 600,
          "zIndex": 55,
        }
      }
    >
      <<Lottie/>
        autoPlay={true}
        ref={
          {
            "current": null,
          }
        }
        resizeMode="cover"
        source={
          {
            "assets": [],
            "ddd": 0,
            "fr": 29.9700012207031,
            "h": 350,
            "ip": 0,
            "layers": [
              {
                "ao": 0,
                "bm": 0,
                "ddd": 0,
                "ind": 1,
                "ip": 0,
                "ks": {
                  "a": {
                    "a": 0,
                    "ix": 1,
                    "k": [
                      0,
                      0,
                      0,
                    ],
                  },
                  "o": {
                    "a": 0,
                    "ix": 11,
                    "k": 100,
                  },
                  "p": {
                    "a": 0,
                    "ix": 2,
                    "k": [
                      174.705,
                      174.649,
                      0,
                    ],
                  },
                  "r": {
                    "a": 0,
                    "ix": 10,
                    "k": 0,
                  },
                  "s": {
                    "a": 0,
                    "ix": 6,
                    "k": [
                      100,
                      100,
                      100,
                    ],
                  },
                },
                "nm": "icon",
                "op": 28.0000011404634,
                "shapes": [
                  {
                    "bm": 0,
                    "cix": 2,
                    "hd": false,
                    "it": [
                      {
                        "d": 1,
                        "hd": false,
                        "mn": "ADBE Vector Shape - Ellipse",
                        "nm": "Ellipse Path 1",
                        "p": {
                          "a": 0,
                          "ix": 3,
                          "k": [
                            0,
                            0,
                          ],
                        },
                        "s": {
                          "a": 0,
                          "ix": 2,
                          "k": [
                            67.909,
                            67.909,
                          ],
                        },
                        "ty": "el",
                      },
                      {
                        "bm": 0,
                        "c": {
                          "a": 0,
                          "ix": 4,
                          "k": [
                            1,
                            1,
                            1,
                            1,
                          ],
                        },
                        "hd": false,
                        "mn": "ADBE Vector Graphic - Fill",
                        "nm": "Fill 1",
                        "o": {
                          "a": 0,
                          "ix": 5,
                          "k": 100,
                        },
                        "r": 1,
                        "ty": "fl",
                      },
                      {
                        "a": {
                          "a": 0,
                          "ix": 1,
                          "k": [
                            0,
                            0,
                          ],
                        },
                        "nm": "Transform",
                        "o": {
                          "a": 0,
                          "ix": 7,
                          "k": 100,
                        },
                        "p": {
                          "a": 0,
                          "ix": 2,
                          "k": [
                            0.295,
                            0.351,
                          ],
                        },
                        "r": {
                          "a": 0,
                          "ix": 6,
                          "k": 0,
                        },
                        "s": {
                          "a": 0,
                          "ix": 3,
                          "k": [
                            143.334,
                            143.334,
                          ],
                        },
                        "sa": {
                          "a": 0,
                          "ix": 5,
                          "k": 0,
                        },
                        "sk": {
                          "a": 0,
                          "ix": 4,
                          "k": 0,
                        },
                        "ty": "tr",
                      },
                    ],
                    "ix": 1,
                    "mn": "ADBE Vector Group",
                    "nm": "Ellipse 1",
                    "np": 3,
                    "ty": "gr",
                  },
                ],
                "sr": 1,
                "st": 0,
                "ty": 4,
              },
              {
                "ao": 0,
                "bm": 0,
                "ddd": 0,
                "ind": 2,
                "ip": 0,
                "ks": {
                  "a": {
                    "a": 0,
                    "ix": 1,
                    "k": [
                      0,
                      0,
                      0,
                    ],
                  },
                  "o": {
                    "a": 0,
                    "ix": 11,
                    "k": 99,
                  },
                  "p": {
                    "a": 0,
                    "ix": 2,
                    "k": [
                      174.701,
                      174.644,
                      0,
                    ],
                  },
                  "r": {
                    "a": 0,
                    "ix": 10,
                    "k": 0,
                  },
                  "s": {
                    "a": 1,
                    "ix": 6,
                    "k": [
                      {
                        "i": {
                          "x": [
                            0.833,
                            0.833,
                            0.833,
                          ],
                          "y": [
                            0.833,
                            0.833,
                            0.833,
                          ],
                        },
                        "o": {
                          "x": [
                            0.167,
                            0.167,
                            0.167,
                          ],
                          "y": [
                            0.167,
                            0.167,
                            0.167,
                          ],
                        },
                        "s": [
                          101.276,
                          101.276,
                          100,
                        ],
                        "t": 22,
                      },
                      {
                        "s": [
                          118.381,
                          118.381,
                          100,
                        ],
                        "t": 27.0000010997325,
                      },
                    ],
                  },
                },
                "nm": "Supporting Circle",
                "op": 28.0000011404634,
                "shapes": [
                  {
                    "bm": 0,
                    "cix": 2,
                    "hd": false,
                    "it": [
                      {
                        "d": 1,
                        "hd": false,
                        "mn": "ADBE Vector Shape - Ellipse",
                        "nm": "Ellipse Path 1",
                        "p": {
                          "a": 0,
                          "ix": 3,
                          "k": [
                            0,
                            0,
                          ],
                        },
                        "s": {
                          "a": 0,
                          "ix": 2,
                          "k": [
                            67.909,
                            67.909,
                          ],
                        },
                        "ty": "el",
                      },
                      {
                        "bm": 0,
                        "c": {
                          "a": 0,
                          "ix": 4,
                          "k": [
                            0.517647087574,
                            0.631372570992,
                            0.752941191196,
                            1,
                          ],
                        },
                        "hd": false,
                        "mn": "ADBE Vector Graphic - Fill",
                        "nm": "Fill 1",
                        "o": {
                          "a": 0,
                          "ix": 5,
                          "k": 100,
                        },
                        "r": 1,
                        "ty": "fl",
                      },
                      {
                        "a": {
                          "a": 0,
                          "ix": 1,
                          "k": [
                            0,
                            0,
                          ],
                        },
                        "nm": "Transform",
                        "o": {
                          "a": 0,
                          "ix": 7,
                          "k": 100,
                        },
                        "p": {
                          "a": 0,
                          "ix": 2,
                          "k": [
                            0.295,
                            0.351,
                          ],
                        },
                        "r": {
                          "a": 0,
                          "ix": 6,
                          "k": 0,
                        },
                        "s": {
                          "a": 0,
                          "ix": 3,
                          "k": [
                            143.334,
                            143.334,
                          ],
                        },
                        "sa": {
                          "a": 0,
                          "ix": 5,
                          "k": 0,
                        },
                        "sk": {
                          "a": 0,
                          "ix": 4,
                          "k": 0,
                        },
                        "ty": "tr",
                      },
                    ],
                    "ix": 1,
                    "mn": "ADBE Vector Group",
                    "nm": "Ellipse 1",
                    "np": 3,
                    "ty": "gr",
                  },
                ],
                "sr": 1,
                "st": 0,
                "ty": 4,
              },
              {
                "ao": 0,
                "bm": 0,
                "ddd": 0,
                "ind": 3,
                "ip": 0,
                "ks": {
                  "a": {
                    "a": 0,
                    "ix": 1,
                    "k": [
                      0,
                      0,
                      0,
                    ],
                  },
                  "o": {
                    "a": 0,
                    "ix": 11,
                    "k": 100,
                  },
                  "p": {
                    "a": 0,
                    "ix": 2,
                    "k": [
                      174.651,
                      174.584,
                      0,
                    ],
                  },
                  "r": {
                    "a": 0,
                    "ix": 10,
                    "k": 0,
                  },
                  "s": {
                    "a": 1,
                    "ix": 6,
                    "k": [
                      {
                        "i": {
                          "x": [
                            0.833,
                            0.833,
                            0.833,
                          ],
                          "y": [
                            0.833,
                            0.833,
                            0.833,
                          ],
                        },
                        "o": {
                          "x": [
                            0.167,
                            0.167,
                            0.167,
                          ],
                          "y": [
                            0.167,
                            0.167,
                            0.167,
                          ],
                        },
                        "s": [
                          118.381,
                          118.381,
                          100,
                        ],
                        "t": 0,
                      },
                      {
                        "s": [
                          187.741,
                          187.741,
                          100,
                        ],
                        "t": 27.0000010997325,
                      },
                    ],
                  },
                },
                "nm": "Circle 1",
                "op": 28.0000011404634,
                "shapes": [
                  {
                    "bm": 0,
                    "cix": 2,
                    "hd": false,
                    "it": [
                      {
                        "d": 1,
                        "hd": false,
                        "mn": "ADBE Vector Shape - Ellipse",
                        "nm": "Ellipse Path 1",
                        "p": {
                          "a": 0,
                          "ix": 3,
                          "k": [
                            0,
                            0,
                          ],
                        },
                        "s": {
                          "a": 0,
                          "ix": 2,
                          "k": [
                            67.909,
                            67.909,
                          ],
                        },
                        "ty": "el",
                      },
                      {
                        "bm": 0,
                        "c": {
                          "a": 1,
                          "ix": 4,
                          "k": [
                            {
                              "i": {
                                "x": [
                                  0.833,
                                ],
                                "y": [
                                  0.833,
                                ],
                              },
                              "o": {
                                "x": [
                                  0.167,
                                ],
                                "y": [
                                  0.167,
                                ],
                              },
                              "s": [
                                0.517647087574,
                                0.631372570992,
                                0.752941250801,
                                1,
                              ],
                              "t": 0,
                            },
                            {
                              "s": [
                                0.29411765933,
                                0.46274510026,
                                0.643137276173,
                                1,
                              ],
                              "t": 27.0000010997325,
                            },
                          ],
                        },
                        "hd": false,
                        "mn": "ADBE Vector Graphic - Fill",
                        "nm": "Fill 1",
                        "o": {
                          "a": 0,
                          "ix": 5,
                          "k": 100,
                        },
                        "r": 1,
                        "ty": "fl",
                      },
                      {
                        "a": {
                          "a": 0,
                          "ix": 1,
                          "k": [
                            0,
                            0,
                          ],
                        },
                        "nm": "Transform",
                        "o": {
                          "a": 0,
                          "ix": 7,
                          "k": 100,
                        },
                        "p": {
                          "a": 0,
                          "ix": 2,
                          "k": [
                            0.295,
                            0.351,
                          ],
                        },
                        "r": {
                          "a": 0,
                          "ix": 6,
                          "k": 0,
                        },
                        "s": {
                          "a": 0,
                          "ix": 3,
                          "k": [
                            143.334,
                            143.334,
                          ],
                        },
                        "sa": {
                          "a": 0,
                          "ix": 5,
                          "k": 0,
                        },
                        "sk": {
                          "a": 0,
                          "ix": 4,
                          "k": 0,
                        },
                        "ty": "tr",
                      },
                    ],
                    "ix": 1,
                    "mn": "ADBE Vector Group",
                    "nm": "Ellipse 1",
                    "np": 3,
                    "ty": "gr",
                  },
                ],
                "sr": 1,
                "st": 0,
                "ty": 4,
              },
              {
                "ao": 0,
                "bm": 0,
                "ddd": 0,
                "ind": 4,
                "ip": 0,
                "ks": {
                  "a": {
                    "a": 0,
                    "ix": 1,
                    "k": [
                      0,
                      0,
                      0,
                    ],
                  },
                  "o": {
                    "a": 0,
                    "ix": 11,
                    "k": 100,
                  },
                  "p": {
                    "a": 0,
                    "ix": 2,
                    "k": [
                      174.446,
                      174.341,
                      0,
                    ],
                  },
                  "r": {
                    "a": 0,
                    "ix": 10,
                    "k": 0,
                  },
                  "s": {
                    "a": 1,
                    "ix": 6,
                    "k": [
                      {
                        "i": {
                          "x": [
                            0.833,
                            0.833,
                            0.833,
                          ],
                          "y": [
                            0.833,
                            0.833,
                            0.833,
                          ],
                        },
                        "o": {
                          "x": [
                            0.167,
                            0.167,
                            0.167,
                          ],
                          "y": [
                            0.167,
                            0.167,
                            0.167,
                          ],
                        },
                        "s": [
                          187.741,
                          187.741,
                          100,
                        ],
                        "t": 0,
                      },
                      {
                        "s": [
                          259.141,
                          259.141,
                          100,
                        ],
                        "t": 27.0000010997325,
                      },
                    ],
                  },
                },
                "nm": "Circle 2",
                "op": 28.0000011404634,
                "shapes": [
                  {
                    "bm": 0,
                    "cix": 2,
                    "hd": false,
                    "it": [
                      {
                        "d": 1,
                        "hd": false,
                        "mn": "ADBE Vector Shape - Ellipse",
                        "nm": "Ellipse Path 1",
                        "p": {
                          "a": 0,
                          "ix": 3,
                          "k": [
                            0,
                            0,
                          ],
                        },
                        "s": {
                          "a": 0,
                          "ix": 2,
                          "k": [
                            67.909,
                            67.909,
                          ],
                        },
                        "ty": "el",
                      },
                      {
                        "bm": 0,
                        "c": {
                          "a": 1,
                          "ix": 4,
                          "k": [
                            {
                              "i": {
                                "x": [
                                  0.833,
                                ],
                                "y": [
                                  0.833,
                                ],
                              },
                              "o": {
                                "x": [
                                  0.167,
                                ],
                                "y": [
                                  0.167,
                                ],
                              },
                              "s": [
                                0.29411765933,
                                0.462745130062,
                                0.643137276173,
                                1,
                              ],
                              "t": 0,
                            },
                            {
                              "s": [
                                0.105882354081,
                                0.321568638086,
                                0.54509806633,
                                1,
                              ],
                              "t": 27.0000010997325,
                            },
                          ],
                        },
                        "hd": false,
                        "mn": "ADBE Vector Graphic - Fill",
                        "nm": "Fill 1",
                        "o": {
                          "a": 0,
                          "ix": 5,
                          "k": 100,
                        },
                        "r": 1,
                        "ty": "fl",
                      },
                      {
                        "a": {
                          "a": 0,
                          "ix": 1,
                          "k": [
                            0,
                            0,
                          ],
                        },
                        "nm": "Transform",
                        "o": {
                          "a": 0,
                          "ix": 7,
                          "k": 100,
                        },
                        "p": {
                          "a": 0,
                          "ix": 2,
                          "k": [
                            0.295,
                            0.351,
                          ],
                        },
                        "r": {
                          "a": 0,
                          "ix": 6,
                          "k": 0,
                        },
                        "s": {
                          "a": 0,
                          "ix": 3,
                          "k": [
                            143.334,
                            143.334,
                          ],
                        },
                        "sa": {
                          "a": 0,
                          "ix": 5,
                          "k": 0,
                        },
                        "sk": {
                          "a": 0,
                          "ix": 4,
                          "k": 0,
                        },
                        "ty": "tr",
                      },
                    ],
                    "ix": 1,
                    "mn": "ADBE Vector Group",
                    "nm": "Ellipse 1",
                    "np": 3,
                    "ty": "gr",
                  },
                ],
                "sr": 1,
                "st": 0,
                "ty": 4,
              },
              {
                "ao": 0,
                "bm": 0,
                "ddd": 0,
                "ind": 5,
                "ip": 0,
                "ks": {
                  "a": {
                    "a": 0,
                    "ix": 1,
                    "k": [
                      0,
                      0,
                      0,
                    ],
                  },
                  "o": {
                    "a": 0,
                    "ix": 11,
                    "k": 100,
                  },
                  "p": {
                    "a": 0,
                    "ix": 2,
                    "k": [
                      174.446,
                      174.341,
                      0,
                    ],
                  },
                  "r": {
                    "a": 0,
                    "ix": 10,
                    "k": 0,
                  },
                  "s": {
                    "a": 1,
                    "ix": 6,
                    "k": [
                      {
                        "i": {
                          "x": [
                            0.833,
                            0.833,
                            0.833,
                          ],
                          "y": [
                            0.833,
                            0.833,
                            0.833,
                          ],
                        },
                        "o": {
                          "x": [
                            0.167,
                            0.167,
                            0.167,
                          ],
                          "y": [
                            0.167,
                            0.167,
                            0.167,
                          ],
                        },
                        "s": [
                          259.141,
                          259.141,
                          100,
                        ],
                        "t": 0,
                      },
                      {
                        "s": [
                          330.542,
                          330.542,
                          100,
                        ],
                        "t": 27.0000010997325,
                      },
                    ],
                  },
                },
                "nm": "Circle 3",
                "op": 28.0000011404634,
                "shapes": [
                  {
                    "bm": 0,
                    "cix": 2,
                    "hd": false,
                    "it": [
                      {
                        "d": 1,
                        "hd": false,
                        "mn": "ADBE Vector Shape - Ellipse",
                        "nm": "Ellipse Path 1",
                        "p": {
                          "a": 0,
                          "ix": 3,
                          "k": [
                            0,
                            0,
                          ],
                        },
                        "s": {
                          "a": 0,
                          "ix": 2,
                          "k": [
                            67.909,
                            67.909,
                          ],
                        },
                        "ty": "el",
                      },
                      {
                        "bm": 0,
                        "c": {
                          "a": 1,
                          "ix": 4,
                          "k": [
                            {
                              "i": {
                                "x": [
                                  0.833,
                                ],
                                "y": [
                                  0.833,
                                ],
                              },
                              "o": {
                                "x": [
                                  0.167,
                                ],
                                "y": [
                                  0.167,
                                ],
                              },
                              "s": [
                                0.105882361531,
                                0.321568638086,
                                0.54509806633,
                                1,
                              ],
                              "t": 0,
                            },
                            {
                              "s": [
                                0,
                                0.239215701818,
                                0.490196108818,
                                1,
                              ],
                              "t": 27.0000010997325,
                            },
                          ],
                        },
                        "hd": false,
                        "mn": "ADBE Vector Graphic - Fill",
                        "nm": "Fill 1",
                        "o": {
                          "a": 0,
                          "ix": 5,
                          "k": 100,
                        },
                        "r": 1,
                        "ty": "fl",
                      },
                      {
                        "a": {
                          "a": 0,
                          "ix": 1,
                          "k": [
                            0,
                            0,
                          ],
                        },
                        "nm": "Transform",
                        "o": {
                          "a": 0,
                          "ix": 7,
                          "k": 100,
                        },
                        "p": {
                          "a": 0,
                          "ix": 2,
                          "k": [
                            0.295,
                            0.351,
                          ],
                        },
                        "r": {
                          "a": 0,
                          "ix": 6,
                          "k": 0,
                        },
                        "s": {
                          "a": 0,
                          "ix": 3,
                          "k": [
                            143.334,
                            143.334,
                          ],
                        },
                        "sa": {
                          "a": 0,
                          "ix": 5,
                          "k": 0,
                        },
                        "sk": {
                          "a": 0,
                          "ix": 4,
                          "k": 0,
                        },
                        "ty": "tr",
                      },
                    ],
                    "ix": 1,
                    "mn": "ADBE Vector Group",
                    "nm": "Ellipse 1",
                    "np": 3,
                    "ty": "gr",
                  },
                ],
                "sr": 1,
                "st": 0,
                "ty": 4,
              },
            ],
            "markers": [],
            "meta": {
              "a": "",
              "d": "",
              "g": "LottieFiles AE 3.0.0",
              "k": "",
              "tc": "",
            },
            "nm": "Searching_Devices",
            "op": 28.0000011404634,
            "v": "4.8.0",
            "w": 350,
          }
        }
        style={
          {
            "height": "100%",
            "width": "100%",
          }
        }
        testID="wavelottie"
      />
    </View>
    <View
      accessibilityState={
        {
          "busy": undefined,
          "checked": undefined,
          "disabled": undefined,
          "expanded": undefined,
          "selected": undefined,
        }
      }
      accessibilityValue={
        {
          "max": undefined,
          "min": undefined,
          "now": undefined,
          "text": undefined,
        }
      }
      accessible={true}
      collapsable={false}
      focusable={true}
      onClick={[Function]}
      onResponderGrant={[Function]}
      onResponderMove={[Function]}
      onResponderRelease={[Function]}
      onResponderTerminate={[Function]}
      onResponderTerminationRequest={[Function]}
      onStartShouldSetResponder={[Function]}
      style={
        {
          "alignItems": "center",
          "backgroundColor": "white",
          "borderRadius": 80,
          "height": 160,
          "justifyContent": "center",
          "left": 222,
          "opacity": 1,
          "position": "absolute",
          "top": 222,
          "width": 160,
          "zIndex": 99,
        }
      }
    >
      < />
    </View>
  </View>
  <Text
    collapsable={false}
    style={
      {
        "alignSelf": "center",
        "color": "#FFFFFF",
        "fontFamily": "CenturyGothic",
        "fontSize": 34,
        "fontWeight": "700",
        "marginTop": 100,
        "opacity": 0,
      }
    }
  >
    [missing "en.searchingForNearby" translation]
  </Text>
  <View
    collapsable={false}
    style={
      {
        "marginTop": 86,
        "opacity": 1,
      }
    }
  >
    <Text
      style={
        {
          "color": "#484949",
          "fontFamily": "CenturyGothic",
          "fontSize": 34,
          "fontWeight": "700",
          "textAlign": "center",
        }
      }
    >
      [missing "en.turnOnYour" translation]
    </Text>
    <View
      accessibilityState={
        {
          "busy": undefined,
          "checked": undefined,
          "disabled": undefined,
          "expanded": undefined,
          "selected": undefined,
        }
      }
      accessibilityValue={
        {
          "max": undefined,
          "min": undefined,
          "now": undefined,
          "text": undefined,
        }
      }
      accessible={true}
      collapsable={false}
      focusable={true}
      onClick={[Function]}
      onResponderGrant={[Function]}
      onResponderMove={[Function]}
      onResponderRelease={[Function]}
      onResponderTerminate={[Function]}
      onResponderTerminationRequest={[Function]}
      onStartShouldSetResponder={[Function]}
      style={
        {
          "alignSelf": "center",
          "marginTop": 82,
          "opacity": 1,
          "zIndex": 99,
        }
      }
      testID="turnOnButton"
    >
      <Text
        style={
          {
            "alignSelf": "center",
            "color": "#003D7D",
            "fontFamily": "CenturyGothic",
            "fontSize": 30,
            "fontWeight": "700",
          }
        }
      >
        [missing "en.turnOn" translation]
      </Text>
    </View>
  </View>
</View>
`;
