// Jest Snapshot v1, https://goo.gl/fbAQLP

exports[`on homescreen bottom tab mount renders network correctly 1`] = `
<View
  style={
    {
      "alignItems": "center",
      "backgroundColor": "#003E7E0D",
      "flex": 1,
    }
  }
>
  <View
    style={
      {
        "alignItems": "center",
        "flexDirection": "row",
        "marginHorizontal": 32,
        "marginTop": 46,
      }
    }
  >
    <View
      accessibilityState={
        {
          "busy": undefined,
          "checked": undefined,
          "disabled": undefined,
          "expanded": undefined,
          "selected": undefined,
        }
      }
      accessibilityValue={
        {
          "max": undefined,
          "min": undefined,
          "now": undefined,
          "text": undefined,
        }
      }
      accessible={true}
      collapsable={false}
      focusable={true}
      onClick={[Function]}
      onResponderGrant={[Function]}
      onResponderMove={[Function]}
      onResponderRelease={[Function]}
      onResponderTerminate={[Function]}
      onResponderTerminationRequest={[Function]}
      onStartShouldSetResponder={[Function]}
      style={
        {
          "opacity": 1,
        }
      }
    >
      <
        height={48}
        style={
          {
            "marginEnd": 16,
          }
        }
        width={48}
      />
    </View>
    <Text
      numberOfLines={1}
      style={
        {
          "color": "#FB8C00",
          "flex": 1,
          "fontFamily": "CenturyGothic",
          "fontSize": 34,
          "fontWeight": "700",
        }
      }
    >
      Brx-emulator
    </Text>
    <View
      style={
        {
          "alignItems": "center",
          "flexDirection": "row",
        }
      }
    >
      <View
        accessibilityState={
          {
            "busy": undefined,
            "checked": undefined,
            "disabled": undefined,
            "expanded": undefined,
            "selected": undefined,
          }
        }
        accessibilityValue={
          {
            "max": undefined,
            "min": undefined,
            "now": undefined,
            "text": undefined,
          }
        }
        accessible={true}
        collapsable={false}
        focusable={true}
        onClick={[Function]}
        onResponderGrant={[Function]}
        onResponderMove={[Function]}
        onResponderRelease={[Function]}
        onResponderTerminate={[Function]}
        onResponderTerminationRequest={[Function]}
        onStartShouldSetResponder={[Function]}
        style={
          {
            "opacity": 1,
          }
        }
      >
        <
          height={48}
          width={48}
        />
      </View>
    </View>
    <Modal
      animationType="fade"
      onRequestClose={[Function]}
      transparent={true}
    >
      <View
        accessibilityState={
          {
            "busy": undefined,
            "checked": undefined,
            "disabled": undefined,
            "expanded": undefined,
            "selected": undefined,
          }
        }
        accessibilityValue={
          {
            "max": undefined,
            "min": undefined,
            "now": undefined,
            "text": undefined,
          }
        }
        accessible={true}
        collapsable={false}
        focusable={true}
        onClick={[Function]}
        onResponderGrant={[Function]}
        onResponderMove={[Function]}
        onResponderRelease={[Function]}
        onResponderTerminate={[Function]}
        onResponderTerminationRequest={[Function]}
        onStartShouldSetResponder={[Function]}
        style={
          {
            "flex": 1,
            "opacity": 1,
          }
        }
      >
        <View
          style={
            {
              "alignSelf": "flex-end",
              "backgroundColor": "white",
              "borderRadius": 16,
              "elevation": 4,
              "justifyContent": "flex-start",
              "marginHorizontal": 50,
              "marginTop": 90,
              "minWidth": 340,
              "paddingEnd": 32,
              "paddingStart": 24,
              "paddingVertical": 24,
              "shadowColor": "#000",
              "shadowOffset": {
                "height": 2,
                "width": 0,
              },
              "shadowOpacity": 0.25,
              "shadowRadius": 4,
            }
          }
        >
          <View
            accessibilityState={
              {
                "busy": undefined,
                "checked": undefined,
                "disabled": undefined,
                "expanded": undefined,
                "selected": undefined,
              }
            }
            accessibilityValue={
              {
                "max": undefined,
                "min": undefined,
                "now": undefined,
                "text": undefined,
              }
            }
            accessible={true}
            collapsable={false}
            focusable={true}
            onClick={[Function]}
            onResponderGrant={[Function]}
            onResponderMove={[Function]}
            onResponderRelease={[Function]}
            onResponderTerminate={[Function]}
            onResponderTerminationRequest={[Function]}
            onStartShouldSetResponder={[Function]}
            style={
              {
                "alignItems": "center",
                "flexDirection": "row",
                "marginBottom": 24,
                "opacity": 1,
              }
            }
          >
            <
              height={40}
              width={40}
            />
            <Text
              style={
                {
                  "color": "#1A1C1C",
                  "fontFamily": "CenturyGothic-Bold",
                  "fontSize": 26,
                  "marginBottom": 4,
                  "marginLeft": 32,
                  "marginTop": 2,
                }
              }
            >
              [missing "en.identify" translation]
            </Text>
          </View>
          <View
            accessibilityState={
              {
                "busy": undefined,
                "checked": undefined,
                "disabled": undefined,
                "expanded": undefined,
                "selected": undefined,
              }
            }
            accessibilityValue={
              {
                "max": undefined,
                "min": undefined,
                "now": undefined,
                "text": undefined,
              }
            }
            accessible={true}
            collapsable={false}
            focusable={true}
            onClick={[Function]}
            onResponderGrant={[Function]}
            onResponderMove={[Function]}
            onResponderRelease={[Function]}
            onResponderTerminate={[Function]}
            onResponderTerminationRequest={[Function]}
            onStartShouldSetResponder={[Function]}
            style={
              {
                "alignItems": "center",
                "flexDirection": "row",
                "marginBottom": 24,
                "opacity": 1,
              }
            }
          >
            <
              height={40}
              width={40}
            />
            <Text
              style={
                {
                  "color": "#1A1C1C",
                  "fontFamily": "CenturyGothic-Bold",
                  "fontSize": 26,
                  "marginBottom": 4,
                  "marginLeft": 32,
                  "marginTop": 2,
                }
              }
            >
              [missing "en.resetPasscode" translation]
            </Text>
          </View>
          <View
            accessibilityState={
              {
                "busy": undefined,
                "checked": undefined,
                "disabled": undefined,
                "expanded": undefined,
                "selected": undefined,
              }
            }
            accessibilityValue={
              {
                "max": undefined,
                "min": undefined,
                "now": undefined,
                "text": undefined,
              }
            }
            accessible={true}
            collapsable={false}
            focusable={true}
            onClick={[Function]}
            onResponderGrant={[Function]}
            onResponderMove={[Function]}
            onResponderRelease={[Function]}
            onResponderTerminate={[Function]}
            onResponderTerminationRequest={[Function]}
            onStartShouldSetResponder={[Function]}
            style={
              {
                "alignItems": "center",
                "flexDirection": "row",
                "opacity": 1,
              }
            }
          >
            <
              height={40}
              width={40}
            />
            <Text
              style={
                {
                  "color": "#1A1C1C",
                  "fontFamily": "CenturyGothic-Bold",
                  "fontSize": 26,
                  "marginBottom": 4,
                  "marginLeft": 32,
                  "marginTop": 2,
                }
              }
            >
              [missing "en.enablePOEOverride" translation]
            </Text>
          </View>
        </View>
      </View>
    </Modal>
  </View>
  <View
    style={
      {
        "marginTop": 28,
      }
    }
  >
    <View
      style={
        [
          {
            "alignItems": "flex-end",
            "borderBottomWidth": 1,
            "borderColor": "#808284",
            "borderRadius": 6,
            "borderStyle": "solid",
            "flexDirection": "row",
            "height": 80,
            "justifyContent": "space-between",
            "paddingBottom": 12,
            "width": 680,
          },
          undefined,
        ]
      }
    >
      <TextInput
        autoFocus={false}
        editable={true}
        enablesReturnKeyAutomatically={true}
        errorMessage=""
        fieldName="epicIP"
        keyboardType="default"
        label="[missing "en.epicIP" translation]"
        labelStyle={
          {
            "backgroundColor": "transparent",
          }
        }
        onBlur={[Function]}
        onChangeText={[Function]}
        onFocus={[Function]}
        onSubmitEditing={[Function]}
        returnKeyType="done"
        showDash={false}
        style={
          [
            {
              "color": "#1A1C1C",
              "flex": 1,
              "fontFamily": "CenturyGothic",
              "fontSize": 30,
              "fontWeight": "400",
              "marginTop": 30,
              "padding": 0,
              "paddingStart": 1,
              "textDecorationLine": "none",
            },
            undefined,
          ]
        }
        testID="epicIPInput"
      />
    </View>
    <View
      collapsable={false}
      style={
        {
          "alignItems": "center",
          "backgroundColor": "transparent",
          "justifyContent": "center",
          "position": "absolute",
          "top": 28,
          "zIndex": -1,
        }
      }
    >
      <View
        accessibilityState={
          {
            "busy": undefined,
            "checked": undefined,
            "disabled": undefined,
            "expanded": undefined,
            "selected": undefined,
          }
        }
        accessibilityValue={
          {
            "max": undefined,
            "min": undefined,
            "now": undefined,
            "text": undefined,
          }
        }
        accessible={true}
        collapsable={false}
        focusable={true}
        onClick={[Function]}
        onResponderGrant={[Function]}
        onResponderMove={[Function]}
        onResponderRelease={[Function]}
        onResponderTerminate={[Function]}
        onResponderTerminationRequest={[Function]}
        onStartShouldSetResponder={[Function]}
        style={
          {
            "opacity": 1,
          }
        }
      >
        <Text
          adjustsFontSizeToFit={true}
          collapsable={false}
          numberOfLines={1}
          style={
            {
              "color": "#808284",
              "fontFamily": "CenturyGothic",
              "fontSize": 30,
              "textAlign": "left",
            }
          }
        >
          [missing "en.epicIP" translation]
        </Text>
      </View>
    </View>
    <Text
      style={
        [
          {
            "color": "#FF0000",
            "fontFamily": "CenturyGothic-Bold",
            "fontSize": 22,
            "marginTop": 16,
            "textAlign": "right",
          },
          undefined,
          {
            "textAlign": "right",
          },
        ]
      }
    />
  </View>
  <Text
    style={
      {
        "alignSelf": "flex-start",
        "color": "#484949",
        "fontFamily": "CenturyGothic",
        "fontSize": 30,
        "lineHeight": 38,
        "marginBottom": 40,
        "marginStart": 32,
        "marginTop": 40,
      }
    }
  >
    [missing "en.networkMode" translation]
  </Text>
  <View
    style={
      {
        "alignItems": "center",
        "flexDirection": "row",
        "width": "100%",
      }
    }
  >
    <View
      accessibilityState={
        {
          "busy": undefined,
          "checked": undefined,
          "disabled": undefined,
          "expanded": undefined,
          "selected": undefined,
        }
      }
      accessibilityValue={
        {
          "max": undefined,
          "min": undefined,
          "now": undefined,
          "text": undefined,
        }
      }
      accessible={true}
      collapsable={false}
      focusable={true}
      onClick={[Function]}
      onResponderGrant={[Function]}
      onResponderMove={[Function]}
      onResponderRelease={[Function]}
      onResponderTerminate={[Function]}
      onResponderTerminationRequest={[Function]}
      onStartShouldSetResponder={[Function]}
      style={
        {
          "alignItems": "center",
          "flexDirection": "row",
          "opacity": 1,
        }
      }
    >
      <View
        style={
          {
            "alignItems": "center",
            "borderColor": "#003D7D",
            "borderRadius": 24,
            "borderWidth": 1,
            "height": 48,
            "justifyContent": "center",
            "marginEnd": 16,
            "marginStart": 38,
            "width": 48,
          }
        }
      />
      <Text
        style={
          {
            "color": "#484949",
            "fontFamily": "CenturyGothic",
            "fontSize": 22,
            "fontWeight": "400",
            "lineHeight": 30,
          }
        }
      >
        [missing "en.dhcp" translation]
      </Text>
    </View>
    <View
      accessibilityState={
        {
          "busy": undefined,
          "checked": undefined,
          "disabled": undefined,
          "expanded": undefined,
          "selected": undefined,
        }
      }
      accessibilityValue={
        {
          "max": undefined,
          "min": undefined,
          "now": undefined,
          "text": undefined,
        }
      }
      accessible={true}
      collapsable={false}
      focusable={true}
      onClick={[Function]}
      onResponderGrant={[Function]}
      onResponderMove={[Function]}
      onResponderRelease={[Function]}
      onResponderTerminate={[Function]}
      onResponderTerminationRequest={[Function]}
      onStartShouldSetResponder={[Function]}
      style={
        {
          "alignItems": "center",
          "flexDirection": "row",
          "opacity": 1,
        }
      }
    >
      <View
        style={
          [
            {
              "alignItems": "center",
              "borderColor": "#003D7D",
              "borderRadius": 24,
              "borderWidth": 1,
              "height": 48,
              "justifyContent": "center",
              "marginEnd": 16,
              "marginStart": 38,
              "width": 48,
            },
            {
              "marginStart": 222,
            },
          ]
        }
      />
      <Text
        style={
          {
            "color": "#484949",
            "fontFamily": "CenturyGothic",
            "fontSize": 22,
            "fontWeight": "400",
            "lineHeight": 30,
          }
        }
      >
        [missing "en.static" translation]
      </Text>
    </View>
  </View>
  <View
    style={
      {
        "marginTop": 30,
      }
    }
  >
    <View
      style={
        [
          {
            "alignItems": "flex-end",
            "borderBottomWidth": 1,
            "borderColor": "#808284",
            "borderRadius": 6,
            "borderStyle": "solid",
            "flexDirection": "row",
            "height": 80,
            "justifyContent": "space-between",
            "paddingBottom": 12,
            "width": 680,
          },
          undefined,
        ]
      }
    >
      <TextInput
        autoFocus={false}
        editable={false}
        enablesReturnKeyAutomatically={true}
        errorMessage=""
        fieldName="ipAddress"
        keyboardType="numeric"
        label="[missing "en.ipAddress" translation]"
        labelStyle={
          {
            "backgroundColor": "transparent",
          }
        }
        onBlur={[Function]}
        onChangeText={[Function]}
        onFocus={[Function]}
        onSubmitEditing={[Function]}
        returnKeyType="done"
        showDash={false}
        style={
          [
            {
              "color": "#808284",
              "flex": 1,
              "fontFamily": "CenturyGothic",
              "fontSize": 30,
              "fontWeight": "400",
              "marginTop": 30,
              "padding": 0,
              "paddingStart": 1,
              "textDecorationLine": "none",
            },
            undefined,
          ]
        }
        testID="ipAddressInput"
      />
    </View>
    <View
      collapsable={false}
      style={
        {
          "alignItems": "center",
          "backgroundColor": "transparent",
          "justifyContent": "center",
          "position": "absolute",
          "top": 28,
          "zIndex": -1,
        }
      }
    >
      <View
        accessibilityState={
          {
            "busy": undefined,
            "checked": undefined,
            "disabled": undefined,
            "expanded": undefined,
            "selected": undefined,
          }
        }
        accessibilityValue={
          {
            "max": undefined,
            "min": undefined,
            "now": undefined,
            "text": undefined,
          }
        }
        accessible={true}
        collapsable={false}
        focusable={true}
        onClick={[Function]}
        onResponderGrant={[Function]}
        onResponderMove={[Function]}
        onResponderRelease={[Function]}
        onResponderTerminate={[Function]}
        onResponderTerminationRequest={[Function]}
        onStartShouldSetResponder={[Function]}
        style={
          {
            "opacity": 1,
          }
        }
      >
        <Text
          adjustsFontSizeToFit={true}
          collapsable={false}
          numberOfLines={1}
          style={
            {
              "color": "#808284",
              "fontFamily": "CenturyGothic",
              "fontSize": 30,
              "textAlign": "left",
            }
          }
        >
          [missing "en.ipAddress" translation]
        </Text>
      </View>
    </View>
    <Text
      style={
        [
          {
            "color": "#FF0000",
            "fontFamily": "CenturyGothic-Bold",
            "fontSize": 22,
            "marginTop": 16,
            "textAlign": "right",
          },
          undefined,
          {
            "textAlign": "right",
          },
        ]
      }
    />
  </View>
  <View
    style={
      {
        "marginTop": 30,
      }
    }
  >
    <View
      style={
        [
          {
            "alignItems": "flex-end",
            "borderBottomWidth": 1,
            "borderColor": "#808284",
            "borderRadius": 6,
            "borderStyle": "solid",
            "flexDirection": "row",
            "height": 80,
            "justifyContent": "space-between",
            "paddingBottom": 12,
            "width": 680,
          },
          undefined,
        ]
      }
    >
      <TextInput
        autoFocus={false}
        editable={false}
        enablesReturnKeyAutomatically={true}
        errorMessage=""
        fieldName="subnetMask"
        keyboardType="numeric"
        label="[missing "en.subnetMask" translation]"
        labelStyle={
          {
            "backgroundColor": "transparent",
          }
        }
        onBlur={[Function]}
        onChangeText={[Function]}
        onFocus={[Function]}
        onSubmitEditing={[Function]}
        returnKeyType="done"
        showDash={false}
        style={
          [
            {
              "color": "#808284",
              "flex": 1,
              "fontFamily": "CenturyGothic",
              "fontSize": 30,
              "fontWeight": "400",
              "marginTop": 30,
              "padding": 0,
              "paddingStart": 1,
              "textDecorationLine": "none",
            },
            undefined,
          ]
        }
        testID="subnetMaskInput"
      />
    </View>
    <View
      collapsable={false}
      style={
        {
          "alignItems": "center",
          "backgroundColor": "transparent",
          "justifyContent": "center",
          "position": "absolute",
          "top": 28,
          "zIndex": -1,
        }
      }
    >
      <View
        accessibilityState={
          {
            "busy": undefined,
            "checked": undefined,
            "disabled": undefined,
            "expanded": undefined,
            "selected": undefined,
          }
        }
        accessibilityValue={
          {
            "max": undefined,
            "min": undefined,
            "now": undefined,
            "text": undefined,
          }
        }
        accessible={true}
        collapsable={false}
        focusable={true}
        onClick={[Function]}
        onResponderGrant={[Function]}
        onResponderMove={[Function]}
        onResponderRelease={[Function]}
        onResponderTerminate={[Function]}
        onResponderTerminationRequest={[Function]}
        onStartShouldSetResponder={[Function]}
        style={
          {
            "opacity": 1,
          }
        }
      >
        <Text
          adjustsFontSizeToFit={true}
          collapsable={false}
          numberOfLines={1}
          style={
            {
              "color": "#808284",
              "fontFamily": "CenturyGothic",
              "fontSize": 30,
              "textAlign": "left",
            }
          }
        >
          [missing "en.subnetMask" translation]
        </Text>
      </View>
    </View>
    <Text
      style={
        [
          {
            "color": "#FF0000",
            "fontFamily": "CenturyGothic-Bold",
            "fontSize": 22,
            "marginTop": 16,
            "textAlign": "right",
          },
          undefined,
          {
            "textAlign": "right",
          },
        ]
      }
    />
  </View>
  <View
    style={
      {
        "marginTop": 30,
      }
    }
  >
    <View
      style={
        [
          {
            "alignItems": "flex-end",
            "borderBottomWidth": 1,
            "borderColor": "#808284",
            "borderRadius": 6,
            "borderStyle": "solid",
            "flexDirection": "row",
            "height": 80,
            "justifyContent": "space-between",
            "paddingBottom": 12,
            "width": 680,
          },
          undefined,
        ]
      }
    >
      <TextInput
        autoFocus={false}
        editable={false}
        enablesReturnKeyAutomatically={true}
        errorMessage=""
        fieldName="gateway"
        keyboardType="numeric"
        label="[missing "en.gateway" translation]"
        labelStyle={
          {
            "backgroundColor": "transparent",
          }
        }
        onBlur={[Function]}
        onChangeText={[Function]}
        onFocus={[Function]}
        onSubmitEditing={[Function]}
        returnKeyType="done"
        showDash={false}
        style={
          [
            {
              "color": "#808284",
              "flex": 1,
              "fontFamily": "CenturyGothic",
              "fontSize": 30,
              "fontWeight": "400",
              "marginTop": 30,
              "padding": 0,
              "paddingStart": 1,
              "textDecorationLine": "none",
            },
            undefined,
          ]
        }
        testID="gatewayInput"
      />
    </View>
    <View
      collapsable={false}
      style={
        {
          "alignItems": "center",
          "backgroundColor": "transparent",
          "justifyContent": "center",
          "position": "absolute",
          "top": 28,
          "zIndex": -1,
        }
      }
    >
      <View
        accessibilityState={
          {
            "busy": undefined,
            "checked": undefined,
            "disabled": undefined,
            "expanded": undefined,
            "selected": undefined,
          }
        }
        accessibilityValue={
          {
            "max": undefined,
            "min": undefined,
            "now": undefined,
            "text": undefined,
          }
        }
        accessible={true}
        collapsable={false}
        focusable={true}
        onClick={[Function]}
        onResponderGrant={[Function]}
        onResponderMove={[Function]}
        onResponderRelease={[Function]}
        onResponderTerminate={[Function]}
        onResponderTerminationRequest={[Function]}
        onStartShouldSetResponder={[Function]}
        style={
          {
            "opacity": 1,
          }
        }
      >
        <Text
          adjustsFontSizeToFit={true}
          collapsable={false}
          numberOfLines={1}
          style={
            {
              "color": "#808284",
              "fontFamily": "CenturyGothic",
              "fontSize": 30,
              "textAlign": "left",
            }
          }
        >
          [missing "en.gateway" translation]
        </Text>
      </View>
    </View>
    <Text
      style={
        [
          {
            "color": "#FF0000",
            "fontFamily": "CenturyGothic-Bold",
            "fontSize": 22,
            "marginTop": 16,
            "textAlign": "right",
          },
          undefined,
          {
            "textAlign": "right",
          },
        ]
      }
    />
  </View>
  <View
    style={
      {
        "marginTop": 30,
      }
    }
  >
    <View
      style={
        [
          {
            "alignItems": "flex-end",
            "borderBottomWidth": 1,
            "borderColor": "#808284",
            "borderRadius": 6,
            "borderStyle": "solid",
            "flexDirection": "row",
            "height": 80,
            "justifyContent": "space-between",
            "paddingBottom": 12,
            "width": 680,
          },
          undefined,
        ]
      }
    >
      <TextInput
        autoFocus={false}
        editable={false}
        enablesReturnKeyAutomatically={true}
        errorMessage=""
        fieldName="primaryDns"
        keyboardType="numeric"
        label="[missing "en.primaryDns" translation]"
        labelStyle={
          {
            "backgroundColor": "transparent",
          }
        }
        onBlur={[Function]}
        onChangeText={[Function]}
        onFocus={[Function]}
        onSubmitEditing={[Function]}
        returnKeyType="done"
        showDash={false}
        style={
          [
            {
              "color": "#808284",
              "flex": 1,
              "fontFamily": "CenturyGothic",
              "fontSize": 30,
              "fontWeight": "400",
              "marginTop": 30,
              "padding": 0,
              "paddingStart": 1,
              "textDecorationLine": "none",
            },
            undefined,
          ]
        }
        testID="primaryDnsInput"
      />
    </View>
    <View
      collapsable={false}
      style={
        {
          "alignItems": "center",
          "backgroundColor": "transparent",
          "justifyContent": "center",
          "position": "absolute",
          "top": 28,
          "zIndex": -1,
        }
      }
    >
      <View
        accessibilityState={
          {
            "busy": undefined,
            "checked": undefined,
            "disabled": undefined,
            "expanded": undefined,
            "selected": undefined,
          }
        }
        accessibilityValue={
          {
            "max": undefined,
            "min": undefined,
            "now": undefined,
            "text": undefined,
          }
        }
        accessible={true}
        collapsable={false}
        focusable={true}
        onClick={[Function]}
        onResponderGrant={[Function]}
        onResponderMove={[Function]}
        onResponderRelease={[Function]}
        onResponderTerminate={[Function]}
        onResponderTerminationRequest={[Function]}
        onStartShouldSetResponder={[Function]}
        style={
          {
            "opacity": 1,
          }
        }
      >
        <Text
          adjustsFontSizeToFit={true}
          collapsable={false}
          numberOfLines={1}
          style={
            {
              "color": "#808284",
              "fontFamily": "CenturyGothic",
              "fontSize": 30,
              "textAlign": "left",
            }
          }
        >
          [missing "en.primaryDns" translation]
        </Text>
      </View>
    </View>
    <Text
      style={
        [
          {
            "color": "#FF0000",
            "fontFamily": "CenturyGothic-Bold",
            "fontSize": 22,
            "marginTop": 16,
            "textAlign": "right",
          },
          undefined,
          {
            "textAlign": "right",
          },
        ]
      }
    />
  </View>
  <View
    style={
      {
        "marginTop": 30,
      }
    }
  >
    <View
      style={
        [
          {
            "alignItems": "flex-end",
            "borderBottomWidth": 1,
            "borderColor": "#808284",
            "borderRadius": 6,
            "borderStyle": "solid",
            "flexDirection": "row",
            "height": 80,
            "justifyContent": "space-between",
            "paddingBottom": 12,
            "width": 680,
          },
          undefined,
        ]
      }
    >
      <TextInput
        autoFocus={false}
        editable={false}
        enablesReturnKeyAutomatically={true}
        errorMessage=""
        fieldName="secondaryDns"
        keyboardType="numeric"
        label="[missing "en.secondaryDns" translation]"
        labelStyle={
          {
            "backgroundColor": "transparent",
          }
        }
        onBlur={[Function]}
        onChangeText={[Function]}
        onFocus={[Function]}
        onSubmitEditing={[Function]}
        returnKeyType="done"
        showDash={false}
        style={
          [
            {
              "color": "#808284",
              "flex": 1,
              "fontFamily": "CenturyGothic",
              "fontSize": 30,
              "fontWeight": "400",
              "marginTop": 30,
              "padding": 0,
              "paddingStart": 1,
              "textDecorationLine": "none",
            },
            undefined,
          ]
        }
        testID="secondaryDnsInput"
      />
    </View>
    <View
      collapsable={false}
      style={
        {
          "alignItems": "center",
          "backgroundColor": "transparent",
          "justifyContent": "center",
          "position": "absolute",
          "top": 28,
          "zIndex": -1,
        }
      }
    >
      <View
        accessibilityState={
          {
            "busy": undefined,
            "checked": undefined,
            "disabled": undefined,
            "expanded": undefined,
            "selected": undefined,
          }
        }
        accessibilityValue={
          {
            "max": undefined,
            "min": undefined,
            "now": undefined,
            "text": undefined,
          }
        }
        accessible={true}
        collapsable={false}
        focusable={true}
        onClick={[Function]}
        onResponderGrant={[Function]}
        onResponderMove={[Function]}
        onResponderRelease={[Function]}
        onResponderTerminate={[Function]}
        onResponderTerminationRequest={[Function]}
        onStartShouldSetResponder={[Function]}
        style={
          {
            "opacity": 1,
          }
        }
      >
        <Text
          adjustsFontSizeToFit={true}
          collapsable={false}
          numberOfLines={1}
          style={
            {
              "color": "#808284",
              "fontFamily": "CenturyGothic",
              "fontSize": 30,
              "textAlign": "left",
            }
          }
        >
          [missing "en.secondaryDns" translation]
        </Text>
      </View>
    </View>
    <Text
      style={
        [
          {
            "color": "#FF0000",
            "fontFamily": "CenturyGothic-Bold",
            "fontSize": 22,
            "marginTop": 16,
            "textAlign": "right",
          },
          undefined,
          {
            "textAlign": "right",
          },
        ]
      }
    />
  </View>
  <Modal
    backdrop={true}
    hideModal={[Function]}
    transparent={true}
  >
    <View
      accessibilityState={
        {
          "busy": undefined,
          "checked": undefined,
          "disabled": true,
          "expanded": undefined,
          "selected": undefined,
        }
      }
      accessibilityValue={
        {
          "max": undefined,
          "min": undefined,
          "now": undefined,
          "text": undefined,
        }
      }
      accessible={true}
      collapsable={false}
      focusable={false}
      onClick={[Function]}
      onResponderGrant={[Function]}
      onResponderMove={[Function]}
      onResponderRelease={[Function]}
      onResponderTerminate={[Function]}
      onResponderTerminationRequest={[Function]}
      onStartShouldSetResponder={[Function]}
      style={
        {
          "alignItems": "center",
          "backgroundColor": "#1A1C1CCC",
          "flex": 1,
          "justifyContent": "center",
          "opacity": 1,
        }
      }
    >
      <View
        accessibilityState={
          {
            "busy": undefined,
            "checked": undefined,
            "disabled": undefined,
            "expanded": undefined,
            "selected": undefined,
          }
        }
        accessibilityValue={
          {
            "max": undefined,
            "min": undefined,
            "now": undefined,
            "text": undefined,
          }
        }
        accessible={true}
        collapsable={false}
        focusable={true}
        onClick={[Function]}
        onResponderGrant={[Function]}
        onResponderMove={[Function]}
        onResponderRelease={[Function]}
        onResponderTerminate={[Function]}
        onResponderTerminationRequest={[Function]}
        onStartShouldSetResponder={[Function]}
        style={
          {
            "backgroundColor": "#FFFFFF",
            "borderRadius": 16,
            "maxWidth": 594,
            "opacity": 1,
          }
        }
      >
        <View
          style={
            {
              "paddingBottom": 48,
              "paddingHorizontal": 55,
              "paddingTop": 64,
            }
          }
        >
          <Text
            style={
              [
                {
                  "color": "#484949",
                  "fontFamily": "CenturyGothic",
                  "fontSize": 26,
                  "fontWeight": "400",
                  "lineHeight": 30,
                  "textAlign": "center",
                },
                {
                  "color": "#484949",
                },
              ]
            }
          >
            [missing "en.youHaveUnsavedChanged" translation]
          </Text>
          <View
            accessibilityState={
              {
                "busy": undefined,
                "checked": undefined,
                "disabled": undefined,
                "expanded": undefined,
                "selected": undefined,
              }
            }
            accessibilityValue={
              {
                "max": undefined,
                "min": undefined,
                "now": undefined,
                "text": undefined,
              }
            }
            accessible={true}
            collapsable={false}
            focusable={true}
            onClick={[Function]}
            onResponderGrant={[Function]}
            onResponderMove={[Function]}
            onResponderRelease={[Function]}
            onResponderTerminate={[Function]}
            onResponderTerminationRequest={[Function]}
            onStartShouldSetResponder={[Function]}
            style={
              {
                "alignItems": "center",
                "backgroundColor": "#003D7D",
                "flexDirection": "row",
                "height": 92,
                "justifyContent": "center",
                "marginTop": 32,
                "opacity": 1,
                "width": 484,
              }
            }
          >
            <Text
              style={
                [
                  {
                    "alignItems": "center",
                    "color": "#FFFFFF",
                    "fontFamily": "CenturyGothic-Bold",
                    "fontSize": 34,
                    "fontWeight": "700",
                    "textAlign": "center",
                  },
                  undefined,
                ]
              }
            >
              [missing "en.save" translation]
            </Text>
          </View>
          <View
            accessibilityState={
              {
                "busy": undefined,
                "checked": undefined,
                "disabled": undefined,
                "expanded": undefined,
                "selected": undefined,
              }
            }
            accessibilityValue={
              {
                "max": undefined,
                "min": undefined,
                "now": undefined,
                "text": undefined,
              }
            }
            accessible={true}
            collapsable={false}
            focusable={true}
            onClick={[Function]}
            onResponderGrant={[Function]}
            onResponderMove={[Function]}
            onResponderRelease={[Function]}
            onResponderTerminate={[Function]}
            onResponderTerminationRequest={[Function]}
            onStartShouldSetResponder={[Function]}
            style={
              {
                "alignSelf": "center",
                "marginTop": 50,
                "opacity": 1,
              }
            }
          >
            <Text
              style={
                {
                  "color": "#003D7D",
                  "fontFamily": "CenturyGothic",
                  "fontSize": 26,
                  "fontWeight": "700",
                  "lineHeight": 30,
                  "textAlign": "center",
                }
              }
            >
              [missing "en.leave" translation]
            </Text>
          </View>
        </View>
      </View>
    </View>
  </Modal>
  <Modal
    backdrop={true}
    hideModal={[Function]}
    transparent={true}
    visible={true}
  >
    <View
      accessibilityState={
        {
          "busy": undefined,
          "checked": undefined,
          "disabled": true,
          "expanded": undefined,
          "selected": undefined,
        }
      }
      accessibilityValue={
        {
          "max": undefined,
          "min": undefined,
          "now": undefined,
          "text": undefined,
        }
      }
      accessible={true}
      collapsable={false}
      focusable={false}
      onClick={[Function]}
      onResponderGrant={[Function]}
      onResponderMove={[Function]}
      onResponderRelease={[Function]}
      onResponderTerminate={[Function]}
      onResponderTerminationRequest={[Function]}
      onStartShouldSetResponder={[Function]}
      style={
        {
          "alignItems": "center",
          "backgroundColor": "#1A1C1CCC",
          "flex": 1,
          "justifyContent": "center",
          "opacity": 1,
        }
      }
    >
      <View
        accessibilityState={
          {
            "busy": undefined,
            "checked": undefined,
            "disabled": undefined,
            "expanded": undefined,
            "selected": undefined,
          }
        }
        accessibilityValue={
          {
            "max": undefined,
            "min": undefined,
            "now": undefined,
            "text": undefined,
          }
        }
        accessible={true}
        collapsable={false}
        focusable={true}
        onClick={[Function]}
        onResponderGrant={[Function]}
        onResponderMove={[Function]}
        onResponderRelease={[Function]}
        onResponderTerminate={[Function]}
        onResponderTerminationRequest={[Function]}
        onStartShouldSetResponder={[Function]}
        style={
          {
            "backgroundColor": "#FFFFFF",
            "borderRadius": 16,
            "maxWidth": 594,
            "opacity": 1,
          }
        }
      >
        <View
          style={
            {
              "paddingBottom": 48,
              "paddingHorizontal": 55,
              "paddingTop": 64,
            }
          }
        >
          <Image
            source={
              {
                "default": "",
              }
            }
            style={
              {
                "alignSelf": "center",
                "height": 100,
                "marginBottom": 64,
                "width": 190,
              }
            }
          />
          <Text
            style={
              {
                "alignSelf": "center",
                "color": "#000",
                "fontFamily": "CenturyGothic",
                "fontSize": 30,
                "fontWeight": "700",
                "lineHeight": 38,
                "marginBottom": 32,
              }
            }
          >
            [missing "en.deviceDisconnected" translation]
          </Text>
          <Text
            style={
              [
                {
                  "color": "#484949",
                  "fontFamily": "CenturyGothic",
                  "fontSize": 26,
                  "fontWeight": "400",
                  "lineHeight": 30,
                  "textAlign": "center",
                },
                {
                  "color": "#484949",
                },
              ]
            }
          >
            [missing "en.turnOnYourBluetooth" translation]
          </Text>
          <View
            accessibilityState={
              {
                "busy": undefined,
                "checked": undefined,
                "disabled": undefined,
                "expanded": undefined,
                "selected": undefined,
              }
            }
            accessibilityValue={
              {
                "max": undefined,
                "min": undefined,
                "now": undefined,
                "text": undefined,
              }
            }
            accessible={true}
            collapsable={false}
            focusable={true}
            onClick={[Function]}
            onResponderGrant={[Function]}
            onResponderMove={[Function]}
            onResponderRelease={[Function]}
            onResponderTerminate={[Function]}
            onResponderTerminationRequest={[Function]}
            onStartShouldSetResponder={[Function]}
            style={
              {
                "alignItems": "center",
                "backgroundColor": "#003D7D",
                "flexDirection": "row",
                "height": 92,
                "justifyContent": "center",
                "marginTop": 32,
                "opacity": 1,
                "width": 484,
              }
            }
          >
            <Text
              style={
                [
                  {
                    "alignItems": "center",
                    "color": "#FFFFFF",
                    "fontFamily": "CenturyGothic-Bold",
                    "fontSize": 34,
                    "fontWeight": "700",
                    "textAlign": "center",
                  },
                  undefined,
                ]
              }
            >
              [missing "en.turnOn" translation]
            </Text>
          </View>
          <View
            accessibilityState={
              {
                "busy": undefined,
                "checked": undefined,
                "disabled": undefined,
                "expanded": undefined,
                "selected": undefined,
              }
            }
            accessibilityValue={
              {
                "max": undefined,
                "min": undefined,
                "now": undefined,
                "text": undefined,
              }
            }
            accessible={true}
            collapsable={false}
            focusable={true}
            onClick={[Function]}
            onResponderGrant={[Function]}
            onResponderMove={[Function]}
            onResponderRelease={[Function]}
            onResponderTerminate={[Function]}
            onResponderTerminationRequest={[Function]}
            onStartShouldSetResponder={[Function]}
            style={
              {
                "alignSelf": "center",
                "marginTop": 50,
                "opacity": 1,
              }
            }
          >
            <Text
              style={
                {
                  "color": "#003D7D",
                  "fontFamily": "CenturyGothic",
                  "fontSize": 26,
                  "fontWeight": "700",
                  "lineHeight": 30,
                  "textAlign": "center",
                }
              }
            >
              [missing "en.goToHome" translation]
            </Text>
          </View>
        </View>
      </View>
    </View>
  </Modal>
  <Modal
    backdrop={true}
    hideModal={[Function]}
    transparent={true}
  >
    <View
      accessibilityState={
        {
          "busy": undefined,
          "checked": undefined,
          "disabled": true,
          "expanded": undefined,
          "selected": undefined,
        }
      }
      accessibilityValue={
        {
          "max": undefined,
          "min": undefined,
          "now": undefined,
          "text": undefined,
        }
      }
      accessible={true}
      collapsable={false}
      focusable={false}
      onClick={[Function]}
      onResponderGrant={[Function]}
      onResponderMove={[Function]}
      onResponderRelease={[Function]}
      onResponderTerminate={[Function]}
      onResponderTerminationRequest={[Function]}
      onStartShouldSetResponder={[Function]}
      style={
        {
          "alignItems": "center",
          "backgroundColor": "#1A1C1CCC",
          "flex": 1,
          "justifyContent": "center",
          "opacity": 1,
        }
      }
    >
      <View
        accessibilityState={
          {
            "busy": undefined,
            "checked": undefined,
            "disabled": undefined,
            "expanded": undefined,
            "selected": undefined,
          }
        }
        accessibilityValue={
          {
            "max": undefined,
            "min": undefined,
            "now": undefined,
            "text": undefined,
          }
        }
        accessible={true}
        collapsable={false}
        focusable={true}
        onClick={[Function]}
        onResponderGrant={[Function]}
        onResponderMove={[Function]}
        onResponderRelease={[Function]}
        onResponderTerminate={[Function]}
        onResponderTerminationRequest={[Function]}
        onStartShouldSetResponder={[Function]}
        style={
          {
            "backgroundColor": "#FFFFFF",
            "borderRadius": 16,
            "maxWidth": 594,
            "opacity": 1,
          }
        }
      >
        <View
          style={
            {
              "paddingBottom": 48,
              "paddingHorizontal": 55,
              "paddingTop": 64,
            }
          }
        >
          <Text
            style={
              [
                {
                  "color": "#484949",
                  "fontFamily": "CenturyGothic",
                  "fontSize": 26,
                  "fontWeight": "400",
                  "lineHeight": 30,
                  "textAlign": "center",
                },
                {
                  "color": "#484949",
                },
              ]
            }
          >
            [missing "en.thisWillReboot" translation]
          </Text>
          <View
            accessibilityState={
              {
                "busy": undefined,
                "checked": undefined,
                "disabled": undefined,
                "expanded": undefined,
                "selected": undefined,
              }
            }
            accessibilityValue={
              {
                "max": undefined,
                "min": undefined,
                "now": undefined,
                "text": undefined,
              }
            }
            accessible={true}
            collapsable={false}
            focusable={true}
            onClick={[Function]}
            onResponderGrant={[Function]}
            onResponderMove={[Function]}
            onResponderRelease={[Function]}
            onResponderTerminate={[Function]}
            onResponderTerminationRequest={[Function]}
            onStartShouldSetResponder={[Function]}
            style={
              {
                "alignItems": "center",
                "backgroundColor": "#003D7D",
                "flexDirection": "row",
                "height": 92,
                "justifyContent": "center",
                "marginTop": 32,
                "opacity": 1,
                "width": 484,
              }
            }
          >
            <Text
              style={
                [
                  {
                    "alignItems": "center",
                    "color": "#FFFFFF",
                    "fontFamily": "CenturyGothic-Bold",
                    "fontSize": 34,
                    "fontWeight": "700",
                    "textAlign": "center",
                  },
                  undefined,
                ]
              }
            >
              [missing "en.ok" translation]
            </Text>
          </View>
          <View
            accessibilityState={
              {
                "busy": undefined,
                "checked": undefined,
                "disabled": undefined,
                "expanded": undefined,
                "selected": undefined,
              }
            }
            accessibilityValue={
              {
                "max": undefined,
                "min": undefined,
                "now": undefined,
                "text": undefined,
              }
            }
            accessible={true}
            collapsable={false}
            focusable={true}
            onClick={[Function]}
            onResponderGrant={[Function]}
            onResponderMove={[Function]}
            onResponderRelease={[Function]}
            onResponderTerminate={[Function]}
            onResponderTerminationRequest={[Function]}
            onStartShouldSetResponder={[Function]}
            style={
              {
                "alignSelf": "center",
                "marginTop": 50,
                "opacity": 1,
              }
            }
          >
            <Text
              style={
                {
                  "color": "#003D7D",
                  "fontFamily": "CenturyGothic",
                  "fontSize": 26,
                  "fontWeight": "700",
                  "lineHeight": 30,
                  "textAlign": "center",
                }
              }
            >
              [missing "en.cancel" translation]
            </Text>
          </View>
        </View>
      </View>
    </View>
  </Modal>
</View>
`;
