// Jest Snapshot v1, https://goo.gl/fbAQLP

exports[`on Settings screen mount should match snapshot of settings screen 1`] = `
<View
  style={
    {
      "backgroundColor": "#003E7E0D",
      "flex": 1,
    }
  }
>
  <View
    style={
      {
        "alignItems": "center",
        "flexDirection": "row",
        "marginHorizontal": 32,
        "marginTop": 46,
      }
    }
  >
    <View
      accessible={true}
      collapsable={false}
      focusable={true}
      nativeID="animatedComponent"
      onClick={[Function]}
      onResponderGrant={[Function]}
      onResponderMove={[Function]}
      onResponderRelease={[Function]}
      onResponderTerminate={[Function]}
      onResponderTerminationRequest={[Function]}
      onStartShouldSetResponder={[Function]}
      style={
        {
          "opacity": 1,
        }
      }
      testID="header-back-button"
    >
      <
        height={48}
        style={
          {
            "marginEnd": 16,
          }
        }
        width={48}
      />
    </View>
    <Text
      style={
        {
          "color": "#FB8C00",
          "flex": 1,
          "fontFamily": "CenturyGothic",
          "fontSize": 36,
          "fontWeight": "700",
        }
      }
    >
      [missing "en.settings" translation]
    </Text>
    <View
      accessible={true}
      collapsable={false}
      focusable={true}
      nativeID="animatedComponent"
      onClick={[Function]}
      onResponderGrant={[Function]}
      onResponderMove={[Function]}
      onResponderRelease={[Function]}
      onResponderTerminate={[Function]}
      onResponderTerminationRequest={[Function]}
      onStartShouldSetResponder={[Function]}
      style={
        {
          "opacity": 1,
        }
      }
    >
      <
        height={48}
        width={48}
      />
    </View>
    <Modal
      animationType="fade"
      hardwareAccelerated={false}
      onRequestClose={[Function]}
      transparent={true}
      visible={true}
    >
      <View
        accessible={true}
        collapsable={false}
        focusable={true}
        nativeID="animatedComponent"
        onClick={[Function]}
        onResponderGrant={[Function]}
        onResponderMove={[Function]}
        onResponderRelease={[Function]}
        onResponderTerminate={[Function]}
        onResponderTerminationRequest={[Function]}
        onStartShouldSetResponder={[Function]}
        style={
          {
            "flex": 1,
            "opacity": 1,
          }
        }
      >
        <View
          style={
            {
              "alignSelf": "flex-end",
              "backgroundColor": "white",
              "borderRadius": 16,
              "elevation": 4,
              "justifyContent": "flex-start",
              "marginHorizontal": 60,
              "marginTop": 150,
              "padding": 24,
              "shadowColor": "#000",
              "shadowOffset": {
                "height": 2,
                "width": 0,
              },
              "shadowOpacity": 0.25,
              "shadowRadius": 4,
              "width": 340,
            }
          }
        >
          <View
            accessible={true}
            collapsable={false}
            focusable={true}
            nativeID="animatedComponent"
            onClick={[Function]}
            onResponderGrant={[Function]}
            onResponderMove={[Function]}
            onResponderRelease={[Function]}
            onResponderTerminate={[Function]}
            onResponderTerminationRequest={[Function]}
            onStartShouldSetResponder={[Function]}
            style={
              {
                "alignItems": "center",
                "flexDirection": "row",
                "marginBottom": 24,
                "opacity": 1,
              }
            }
          >
            <
              height={40}
              width={40}
            />
            <Text
              style={
                {
                  "color": undefined,
                  "fontFamily": "CenturyGothic-Bold",
                  "fontSize": 28,
                  "marginBottom": 4,
                  "marginLeft": 32,
                  "marginTop": 2,
                }
              }
            >
              [missing "en.identify" translation]
            </Text>
          </View>
          <View
            accessible={true}
            collapsable={false}
            focusable={false}
            nativeID="animatedComponent"
            onClick={[Function]}
            onResponderGrant={[Function]}
            onResponderMove={[Function]}
            onResponderRelease={[Function]}
            onResponderTerminate={[Function]}
            onResponderTerminationRequest={[Function]}
            onStartShouldSetResponder={[Function]}
            style={
              {
                "alignItems": "center",
                "flexDirection": "row",
                "marginBottom": 24,
                "opacity": 1,
              }
            }
          >
            <
              height={40}
              width={40}
            />
            <Text
              style={
                {
                  "color": undefined,
                  "fontFamily": "CenturyGothic-Bold",
                  "fontSize": 28,
                  "marginBottom": 4,
                  "marginLeft": 32,
                  "marginTop": 2,
                }
              }
            >
              [missing "en.resetPasscode" translation]
            </Text>
          </View>
          <View
            accessible={true}
            collapsable={false}
            focusable={true}
            nativeID="animatedComponent"
            onClick={[Function]}
            onResponderGrant={[Function]}
            onResponderMove={[Function]}
            onResponderRelease={[Function]}
            onResponderTerminate={[Function]}
            onResponderTerminationRequest={[Function]}
            onStartShouldSetResponder={[Function]}
            style={
              {
                "alignItems": "center",
                "flexDirection": "row",
                "opacity": 1,
              }
            }
          >
            <
              height={40}
              width={40}
            />
            <Text
              style={
                {
                  "color": undefined,
                  "fontFamily": "CenturyGothic-Bold",
                  "fontSize": 28,
                  "marginBottom": 4,
                  "marginLeft": 32,
                  "marginTop": 2,
                }
              }
            >
              [missing "en.enablePOEOverride" translation]
            </Text>
          </View>
        </View>
      </View>
    </Modal>
  </View>
  <View
    style={
      {
        "flex": 1,
        "flexDirection": "column",
        "paddingHorizontal": 30,
      }
    }
  >
    <View
      style={
        {
          "backgroundColor": "#FFFFFF0D",
          "borderBottomColor": "#808284",
          "borderBottomWidth": 2,
          "height": 120,
          "marginTop": 40,
          "width": "98%",
        }
      }
    >
      <View
        accessible={true}
        collapsable={false}
        focusable={true}
        nativeID="animatedComponent"
        onClick={[Function]}
        onResponderGrant={[Function]}
        onResponderMove={[Function]}
        onResponderRelease={[Function]}
        onResponderTerminate={[Function]}
        onResponderTerminationRequest={[Function]}
        onStartShouldSetResponder={[Function]}
        style={
          {
            "alignItems": "center",
            "bottom": 2,
            "flex": 1,
            "flexDirection": "row",
            "justifyContent": "center",
            "opacity": 1,
            "position": "absolute",
          }
        }
      >
        <View
          style={
            {
              "borderBottomColor": "#808284",
              "borderBottomWidth": 0,
              "flex": 1,
            }
          }
        >
          <Text
            style={
              {
                "color": "#808284",
                "flex": 1,
                "fontFamily": "CenturyGothic",
                "fontSize": undefined,
                "paddingBottom": 0,
                "paddingLeft": 0,
              }
            }
          >
            [missing "en.selectSchool" translation]
          </Text>
        </View>
        <View>
          <
            height={24}
            width={24}
          />
        </View>
      </View>
    </View>
    <View
      style={
        {
          "backgroundColor": "#FFFFFF0D",
          "borderBottomColor": "#808284",
          "borderBottomWidth": 2,
          "height": 120,
          "marginTop": 40,
          "width": "98%",
        }
      }
    >
      <View
        accessible={true}
        collapsable={false}
        focusable={true}
        nativeID="animatedComponent"
        onClick={[Function]}
        onResponderGrant={[Function]}
        onResponderMove={[Function]}
        onResponderRelease={[Function]}
        onResponderTerminate={[Function]}
        onResponderTerminationRequest={[Function]}
        onStartShouldSetResponder={[Function]}
        style={
          {
            "alignItems": "center",
            "bottom": 2,
            "flex": 1,
            "flexDirection": "row",
            "justifyContent": "center",
            "opacity": 1,
            "position": "absolute",
          }
        }
      >
        <View
          style={
            {
              "borderBottomColor": "#808284",
              "borderBottomWidth": 0,
              "flex": 1,
            }
          }
        >
          <Text
            style={
              {
                "color": "#B0B99990",
                "flex": 1,
                "fontFamily": "CenturyGothic",
                "fontSize": undefined,
                "paddingBottom": 0,
                "paddingLeft": 0,
              }
            }
          >
            [missing "en.selectRoom" translation]
          </Text>
        </View>
        <View>
          <
            height={24}
            width={24}
          />
        </View>
      </View>
    </View>
    <View
      style={
        {
          "backgroundColor": "#FFFFFF0D",
          "borderBottomColor": "#808284",
          "borderBottomWidth": 2,
          "height": 120,
          "marginTop": 40,
          "width": "98%",
        }
      }
    >
      <View
        accessible={true}
        collapsable={false}
        focusable={true}
        nativeID="animatedComponent"
        onClick={[Function]}
        onResponderGrant={[Function]}
        onResponderMove={[Function]}
        onResponderRelease={[Function]}
        onResponderTerminate={[Function]}
        onResponderTerminationRequest={[Function]}
        onStartShouldSetResponder={[Function]}
        style={
          {
            "alignItems": "center",
            "bottom": 2,
            "flex": 1,
            "flexDirection": "row",
            "justifyContent": "center",
            "opacity": 1,
            "position": "absolute",
          }
        }
      >
        <View
          style={
            {
              "borderBottomColor": "#808284",
              "borderBottomWidth": 0,
              "flex": 1,
            }
          }
        >
          <Text
            style={
              {
                "color": "#808284",
                "flex": 1,
                "fontFamily": "CenturyGothic",
                "fontSize": undefined,
                "paddingBottom": 0,
                "paddingLeft": 0,
              }
            }
          >
            Select Device Type
          </Text>
        </View>
        <View>
          <
            height={24}
            width={24}
          />
        </View>
      </View>
    </View>
    <View
      style={
        {
          "backgroundColor": "#FFFFFF0D",
          "height": 120,
          "marginTop": 40,
          "width": "100%",
        }
      }
    >
      <View
        accessible={true}
        collapsable={false}
        focusable={false}
        nativeID="animatedComponent"
        onClick={[Function]}
        onResponderGrant={[Function]}
        onResponderMove={[Function]}
        onResponderRelease={[Function]}
        onResponderTerminate={[Function]}
        onResponderTerminationRequest={[Function]}
        onStartShouldSetResponder={[Function]}
        style={
          {
            "alignItems": "center",
            "bottom": 2,
            "flex": 1,
            "flexDirection": "row",
            "justifyContent": "center",
            "opacity": 1,
            "position": "absolute",
          }
        }
      >
        <View
          style={
            {
              "height": 114,
              "width": "100%",
            }
          }
        >
          <View
            style={
              {
                "marginTop": 15,
              }
            }
          >
            <View
              style={
                [
                  {
                    "alignItems": "flex-end",
                    "borderBottomWidth": 1,
                    "borderColor": "#808284",
                    "borderRadius": 6,
                    "borderStyle": "solid",
                    "flexDirection": "row",
                    "height": 80,
                    "justifyContent": "space-between",
                    "paddingBottom": 12,
                    "width": 680,
                  },
                  undefined,
                ]
              }
            >
              <TextInput
                autoFocus={false}
                editable={true}
                enablesReturnKeyAutomatically={true}
                fieldName="Device Name"
                keyboardType="default"
                label="Device Name"
                labelStyle={
                  {
                    "backgroundColor": "transparent",
                  }
                }
                onBlur={[Function]}
                onChangeText={[Function]}
                onFocus={[Function]}
                style={
                  [
                    {
                      "color": "#1A1C1C",
                      "flex": 1,
                      "fontFamily": "CenturyGothic",
                      "fontSize": 24,
                      "fontWeight": "400",
                      "marginTop": 20,
                      "padding": 0,
                      "paddingStart": 1,
                      "textDecorationLine": "none",
                    },
                    undefined,
                  ]
                }
                value="Brx-emulator"
              />
            </View>
            <View
              collapsable={false}
              nativeID="animatedComponent"
              style={
                {
                  "alignItems": "center",
                  "backgroundColor": "transparent",
                  "justifyContent": "center",
                  "position": "absolute",
                  "top": -0.10000000000000142,
                }
              }
            >
              <View
                accessible={true}
                collapsable={false}
                focusable={true}
                nativeID="animatedComponent"
                onClick={[Function]}
                onResponderGrant={[Function]}
                onResponderMove={[Function]}
                onResponderRelease={[Function]}
                onResponderTerminate={[Function]}
                onResponderTerminationRequest={[Function]}
                onStartShouldSetResponder={[Function]}
                style={
                  {
                    "opacity": 1,
                  }
                }
              >
                <Text
                  adjustsFontSizeToFit={true}
                  collapsable={false}
                  nativeID="animatedComponent"
                  numberOfLines={1}
                  style={
                    {
                      "color": "#808284",
                      "fontFamily": "CenturyGothic",
                      "fontSize": 20,
                      "textAlign": "left",
                    }
                  }
                >
                  Device Name
                </Text>
              </View>
            </View>
            <Text
              style={
                [
                  {
                    "color": "#FF0000",
                    "fontFamily": "CenturyGothic-Bold",
                    "fontSize": 16,
                    "marginTop": 10,
                    "textAlign": "right",
                  },
                  undefined,
                  {
                    "textAlign": "right",
                  },
                ]
              }
            />
          </View>
        </View>
      </View>
    </View>
    <View
      style={
        {
          "backgroundColor": "#FFFFFF0D",
          "height": 120,
          "marginTop": 40,
          "width": "100%",
        }
      }
    >
      <View
        accessible={true}
        collapsable={false}
        focusable={false}
        nativeID="animatedComponent"
        onClick={[Function]}
        onResponderGrant={[Function]}
        onResponderMove={[Function]}
        onResponderRelease={[Function]}
        onResponderTerminate={[Function]}
        onResponderTerminationRequest={[Function]}
        onStartShouldSetResponder={[Function]}
        style={
          {
            "alignItems": "center",
            "bottom": 2,
            "flex": 1,
            "flexDirection": "row",
            "justifyContent": "center",
            "opacity": 1,
            "position": "absolute",
          }
        }
      >
        <View
          style={
            {
              "height": 114,
              "width": "100%",
            }
          }
        >
          <View
            style={
              {
                "marginTop": 10,
              }
            }
          >
            <View
              style={
                [
                  {
                    "alignItems": "flex-end",
                    "borderBottomWidth": 1,
                    "borderColor": "#808284",
                    "borderRadius": 6,
                    "borderStyle": "solid",
                    "flexDirection": "row",
                    "height": 80,
                    "justifyContent": "space-between",
                    "paddingBottom": 12,
                    "width": 680,
                  },
                  undefined,
                ]
              }
            >
              <TextInput
                autoFocus={false}
                enablesReturnKeyAutomatically={true}
                fieldName="Mac Address"
                keyboardType="default"
                label="Mac Address"
                labelStyle={
                  {
                    "backgroundColor": "transparent",
                  }
                }
                maxLength={17}
                onBlur={[Function]}
                onChangeText={[Function]}
                onFocus={[Function]}
                style={
                  [
                    {
                      "color": "#808284",
                      "flex": 1,
                      "fontFamily": "CenturyGothic",
                      "fontSize": 24,
                      "fontWeight": "400",
                      "marginTop": 20,
                      "padding": 0,
                      "paddingStart": 1,
                      "textDecorationLine": "none",
                    },
                    undefined,
                  ]
                }
                value=""
              />
            </View>
            <View
              collapsable={false}
              nativeID="animatedComponent"
              style={
                {
                  "alignItems": "center",
                  "backgroundColor": "transparent",
                  "justifyContent": "center",
                  "position": "absolute",
                  "top": 38,
                }
              }
            >
              <View
                accessible={true}
                collapsable={false}
                focusable={true}
                nativeID="animatedComponent"
                onClick={[Function]}
                onResponderGrant={[Function]}
                onResponderMove={[Function]}
                onResponderRelease={[Function]}
                onResponderTerminate={[Function]}
                onResponderTerminationRequest={[Function]}
                onStartShouldSetResponder={[Function]}
                style={
                  {
                    "opacity": 1,
                  }
                }
              >
                <Text
                  adjustsFontSizeToFit={true}
                  collapsable={false}
                  nativeID="animatedComponent"
                  numberOfLines={1}
                  style={
                    {
                      "color": "#808284",
                      "fontFamily": "CenturyGothic",
                      "fontSize": 25,
                      "textAlign": "left",
                    }
                  }
                >
                  Mac Address
                </Text>
              </View>
            </View>
            <Text
              style={
                [
                  {
                    "color": "#FF0000",
                    "fontFamily": "CenturyGothic-Bold",
                    "fontSize": 16,
                    "marginTop": 10,
                    "textAlign": "right",
                  },
                  undefined,
                  {
                    "textAlign": "right",
                  },
                ]
              }
            />
          </View>
        </View>
      </View>
    </View>
    <View
      style={
        {
          "backgroundColor": "#FFFFFF0D",
          "height": 120,
          "marginTop": 40,
          "width": "100%",
        }
      }
    >
      <View
        accessible={true}
        collapsable={false}
        focusable={false}
        nativeID="animatedComponent"
        onClick={[Function]}
        onResponderGrant={[Function]}
        onResponderMove={[Function]}
        onResponderRelease={[Function]}
        onResponderTerminate={[Function]}
        onResponderTerminationRequest={[Function]}
        onStartShouldSetResponder={[Function]}
        style={
          {
            "alignItems": "center",
            "bottom": 2,
            "flex": 1,
            "flexDirection": "row",
            "justifyContent": "center",
            "opacity": 1,
            "position": "absolute",
          }
        }
      >
        <View
          style={
            {
              "height": 114,
              "width": "100%",
            }
          }
        >
          <View
            style={
              {
                "marginTop": 10,
              }
            }
          >
            <View
              style={
                [
                  {
                    "alignItems": "flex-end",
                    "borderBottomWidth": 1,
                    "borderColor": "#808284",
                    "borderRadius": 6,
                    "borderStyle": "solid",
                    "flexDirection": "row",
                    "height": 80,
                    "justifyContent": "space-between",
                    "paddingBottom": 12,
                    "width": 680,
                  },
                  undefined,
                ]
              }
            >
              <TextInput
                autoFocus={false}
                editable={true}
                enablesReturnKeyAutomatically={true}
                fieldName="Serial Number"
                keyboardType="default"
                label="Serial Number"
                labelStyle={
                  {
                    "backgroundColor": "transparent",
                  }
                }
                onBlur={[Function]}
                onChangeText={[Function]}
                onFocus={[Function]}
                style={
                  [
                    {
                      "color": "#1A1C1C",
                      "flex": 1,
                      "fontFamily": "CenturyGothic",
                      "fontSize": 24,
                      "fontWeight": "400",
                      "marginTop": 20,
                      "padding": 0,
                      "paddingStart": 1,
                      "textDecorationLine": "none",
                    },
                    undefined,
                  ]
                }
                value=""
              />
            </View>
            <View
              collapsable={false}
              nativeID="animatedComponent"
              style={
                {
                  "alignItems": "center",
                  "backgroundColor": "transparent",
                  "justifyContent": "center",
                  "position": "absolute",
                  "top": 38,
                }
              }
            >
              <View
                accessible={true}
                collapsable={false}
                focusable={true}
                nativeID="animatedComponent"
                onClick={[Function]}
                onResponderGrant={[Function]}
                onResponderMove={[Function]}
                onResponderRelease={[Function]}
                onResponderTerminate={[Function]}
                onResponderTerminationRequest={[Function]}
                onStartShouldSetResponder={[Function]}
                style={
                  {
                    "opacity": 1,
                  }
                }
              >
                <Text
                  adjustsFontSizeToFit={true}
                  collapsable={false}
                  nativeID="animatedComponent"
                  numberOfLines={1}
                  style={
                    {
                      "color": "#808284",
                      "fontFamily": "CenturyGothic",
                      "fontSize": 25,
                      "textAlign": "left",
                    }
                  }
                >
                  Serial Number
                </Text>
              </View>
            </View>
            <Text
              style={
                [
                  {
                    "color": "#FF0000",
                    "fontFamily": "CenturyGothic-Bold",
                    "fontSize": 16,
                    "marginTop": 10,
                    "textAlign": "right",
                  },
                  undefined,
                  {
                    "textAlign": "right",
                  },
                ]
              }
            />
          </View>
        </View>
      </View>
    </View>
    <View
      style={
        {
          "alignItems": "center",
          "justifyContent": "center",
          "marginTop": 100,
          "padding": 40,
        }
      }
    >
      <View
        accessibilityState={
          {
            "disabled": true,
          }
        }
        accessible={true}
        collapsable={false}
        focusable={true}
        nativeID="animatedComponent"
        onClick={[Function]}
        onResponderGrant={[Function]}
        onResponderMove={[Function]}
        onResponderRelease={[Function]}
        onResponderTerminate={[Function]}
        onResponderTerminationRequest={[Function]}
        onStartShouldSetResponder={[Function]}
        style={
          {
            "alignItems": "center",
            "backgroundColor": "#B0B6BB",
            "height": 100,
            "justifyContent": "center",
            "opacity": 1,
            "width": "50%",
          }
        }
      >
        <Text
          style={
            {
              "color": "#FFFFFF",
              "fontFamily": "CenturyGothic",
              "fontSize": 32,
              "fontWeight": "700",
            }
          }
        >
          Save Device
        </Text>
      </View>
    </View>
  </View>
  <Modal
    backdrop={true}
    hardwareAccelerated={false}
    hideModal={[Function]}
    transparent={true}
    visible={true}
  >
    <View
      accessibilityState={
        {
          "disabled": true,
        }
      }
      accessible={true}
      collapsable={false}
      focusable={false}
      nativeID="animatedComponent"
      onClick={[Function]}
      onResponderGrant={[Function]}
      onResponderMove={[Function]}
      onResponderRelease={[Function]}
      onResponderTerminate={[Function]}
      onResponderTerminationRequest={[Function]}
      onStartShouldSetResponder={[Function]}
      style={
        {
          "alignItems": "center",
          "backgroundColor": "#1A1C1CCC",
          "flex": 1,
          "justifyContent": "center",
          "opacity": 1,
        }
      }
    >
      <View
        accessible={true}
        collapsable={false}
        focusable={true}
        nativeID="animatedComponent"
        onClick={[Function]}
        onResponderGrant={[Function]}
        onResponderMove={[Function]}
        onResponderRelease={[Function]}
        onResponderTerminate={[Function]}
        onResponderTerminationRequest={[Function]}
        onStartShouldSetResponder={[Function]}
        style={
          {
            "backgroundColor": "#FFFFFF",
            "borderRadius": 16,
            "maxWidth": 594,
            "opacity": 1,
          }
        }
      >
        <View
          style={
            {
              "paddingBottom": 48,
              "paddingHorizontal": 55,
              "paddingTop": 64,
            }
          }
        >
          <Image
            source={
              {
                "default": "",
              }
            }
            style={
              {
                "alignSelf": "center",
                "height": 100,
                "marginBottom": 64,
                "width": 190,
              }
            }
          />
          <Text
            style={
              {
                "alignSelf": "center",
                "color": "#000",
                "fontFamily": "CenturyGothic",
                "fontSize": 32,
                "fontWeight": "700",
                "lineHeight": 40,
                "marginBottom": 32,
              }
            }
          >
            [missing "en.deviceDisconnected" translation]
          </Text>
          <Text
            style={
              [
                {
                  "color": "#484949",
                  "fontFamily": "CenturyGothic",
                  "fontSize": 28,
                  "fontWeight": "400",
                  "lineHeight": 32,
                  "textAlign": "center",
                },
                {
                  "color": "#484949",
                },
              ]
            }
          >
            [missing "en.turnOnYourBluetooth" translation]
          </Text>
          <View
            accessible={true}
            collapsable={false}
            focusable={true}
            nativeID="animatedComponent"
            onClick={[Function]}
            onResponderGrant={[Function]}
            onResponderMove={[Function]}
            onResponderRelease={[Function]}
            onResponderTerminate={[Function]}
            onResponderTerminationRequest={[Function]}
            onStartShouldSetResponder={[Function]}
            style={
              {
                "alignItems": "center",
                "backgroundColor": "#003D7D",
                "flexDirection": "row",
                "height": 92,
                "justifyContent": "center",
                "marginTop": 32,
                "opacity": 1,
                "width": 484,
              }
            }
          >
            <Text
              style={
                [
                  {
                    "alignItems": "center",
                    "color": "#FFFFFF",
                    "fontFamily": "CenturyGothic-Bold",
                    "fontSize": 36,
                    "fontWeight": "700",
                    "textAlign": "center",
                  },
                  undefined,
                ]
              }
            >
              [missing "en.turnOn" translation]
            </Text>
          </View>
          <View
            accessible={true}
            collapsable={false}
            focusable={true}
            nativeID="animatedComponent"
            onClick={[Function]}
            onResponderGrant={[Function]}
            onResponderMove={[Function]}
            onResponderRelease={[Function]}
            onResponderTerminate={[Function]}
            onResponderTerminationRequest={[Function]}
            onStartShouldSetResponder={[Function]}
            style={
              {
                "alignSelf": "center",
                "marginTop": 50,
                "opacity": 1,
              }
            }
          >
            <Text
              style={
                {
                  "color": "#003D7D",
                  "fontFamily": "CenturyGothic",
                  "fontSize": 28,
                  "fontWeight": "700",
                  "lineHeight": 32,
                  "textAlign": "center",
                }
              }
            >
              [missing "en.goToHome" translation]
            </Text>
          </View>
        </View>
      </View>
    </View>
  </Modal>
  <Modal
    animationType="slide"
    hardwareAccelerated={false}
    onRequestClose={[Function]}
    transparent={true}
    visible={false}
  >
    <View
      style={
        {
          "alignItems": "center",
          "flex": 1,
          "flexDirection": "column",
          "height": 280,
          "justifyContent": "flex-start",
          "marginTop": 480,
          "width": "100%",
        }
      }
    >
      <View
        style={
          {
            "backgroundColor": "#FFFFFF",
            "borderRadius": 24,
            "elevation": 5,
            "flex": 1,
            "flexDirection": "column",
            "shadowColor": "#00000040",
            "shadowOpacity": 0.4,
            "shadowRadius": 5,
            "width": "100%",
          }
        }
      >
        <View
          style={
            {
              "alignItems": "center",
              "flexDirection": "row",
              "height": 100,
              "justifyContent": "center",
              "margin": 40,
            }
          }
        >
          <Text
            style={
              {
                "color": "#000000",
                "flex": 1,
                "fontFamily": "CenturyGothic",
                "fontSize": 36,
                "fontWeight": "700",
              }
            }
          >
            [missing "en.selectSchool" translation]
          </Text>
          <View
            accessible={true}
            collapsable={false}
            focusable={true}
            nativeID="animatedComponent"
            onClick={[Function]}
            onResponderGrant={[Function]}
            onResponderMove={[Function]}
            onResponderRelease={[Function]}
            onResponderTerminate={[Function]}
            onResponderTerminationRequest={[Function]}
            onStartShouldSetResponder={[Function]}
            style={
              {
                "opacity": 1,
              }
            }
          >
            <
              height={40}
              width={40}
            />
          </View>
        </View>
        <View
          style={
            {
              "alignItems": "center",
              "backgroundColor": "#B0B6BB",
              "borderRadius": 24,
              "flexDirection": "row",
              "height": 80,
              "justifyContent": "center",
              "marginLeft": 30,
              "marginRight": 30,
              "width": 686,
            }
          }
        >
          <View
            style={
              {
                "alignItems": "center",
                "flex": 0.1,
                "justifyContent": "center",
              }
            }
          >
            <
              height={28}
              width={28}
            />
          </View>
          <TextInput
            onChangeText={[Function]}
            placeholder="[missing "en.typeToSearchOrAdd" translation]"
            placeholderTextColor="#808284"
            style={
              {
                "borderBottomRightRadius": 24,
                "borderTopRightRadius": 24,
                "color": "#000000",
                "flex": 0.9,
                "fontSize": 32,
                "marginLeft": 0,
              }
            }
            underlineColorAndroid="transparent"
            value=""
          />
        </View>
        <RCTScrollView
          data={[]}
          getItem={[Function]}
          getItemCount={[Function]}
          keyExtractor={[Function]}
          onContentSizeChange={[Function]}
          onLayout={[Function]}
          onMomentumScrollBegin={[Function]}
          onMomentumScrollEnd={[Function]}
          onScroll={[Function]}
          onScrollBeginDrag={[Function]}
          onScrollEndDrag={[Function]}
          removeClippedSubviews={false}
          renderItem={[Function]}
          scrollEventThrottle={50}
          stickyHeaderIndices={[]}
          viewabilityConfigCallbackPairs={[]}
        >
          <View />
        </RCTScrollView>
      </View>
    </View>
  </Modal>
  <Modal
    backdrop={true}
    hardwareAccelerated={false}
    hideModal={[Function]}
    transparent={true}
    visible={false}
  >
    <View
      accessibilityState={
        {
          "disabled": true,
        }
      }
      accessible={true}
      collapsable={false}
      focusable={false}
      nativeID="animatedComponent"
      onClick={[Function]}
      onResponderGrant={[Function]}
      onResponderMove={[Function]}
      onResponderRelease={[Function]}
      onResponderTerminate={[Function]}
      onResponderTerminationRequest={[Function]}
      onStartShouldSetResponder={[Function]}
      style={
        {
          "alignItems": "center",
          "backgroundColor": "#1A1C1CCC",
          "flex": 1,
          "justifyContent": "center",
          "opacity": 1,
        }
      }
    >
      <View
        accessible={true}
        collapsable={false}
        focusable={true}
        nativeID="animatedComponent"
        onClick={[Function]}
        onResponderGrant={[Function]}
        onResponderMove={[Function]}
        onResponderRelease={[Function]}
        onResponderTerminate={[Function]}
        onResponderTerminationRequest={[Function]}
        onStartShouldSetResponder={[Function]}
        style={
          {
            "backgroundColor": "#FFFFFF",
            "borderRadius": 16,
            "maxWidth": 594,
            "opacity": 1,
          }
        }
      >
        <View
          style={
            {
              "paddingBottom": 48,
              "paddingHorizontal": 55,
              "paddingTop": 64,
            }
          }
        >
          <Text
            style={
              [
                {
                  "color": "#484949",
                  "fontFamily": "CenturyGothic",
                  "fontSize": 28,
                  "fontWeight": "400",
                  "lineHeight": 32,
                  "textAlign": "center",
                },
                {
                  "color": "#484949",
                },
              ]
            }
          >
            [missing "en.doYouWantToSaveThemBeforeMovingToOtherScreen" translation]
          </Text>
          <View
            accessible={true}
            collapsable={false}
            focusable={true}
            nativeID="animatedComponent"
            onClick={[Function]}
            onResponderGrant={[Function]}
            onResponderMove={[Function]}
            onResponderRelease={[Function]}
            onResponderTerminate={[Function]}
            onResponderTerminationRequest={[Function]}
            onStartShouldSetResponder={[Function]}
            style={
              {
                "alignItems": "center",
                "backgroundColor": "#003D7D",
                "flexDirection": "row",
                "height": 92,
                "justifyContent": "center",
                "marginTop": 32,
                "opacity": 1,
                "width": 484,
              }
            }
          >
            <Text
              style={
                [
                  {
                    "alignItems": "center",
                    "color": "#FFFFFF",
                    "fontFamily": "CenturyGothic-Bold",
                    "fontSize": 36,
                    "fontWeight": "700",
                    "textAlign": "center",
                  },
                  undefined,
                ]
              }
            >
              [missing "en.save" translation]
            </Text>
          </View>
          <View
            accessible={true}
            collapsable={false}
            focusable={true}
            nativeID="animatedComponent"
            onClick={[Function]}
            onResponderGrant={[Function]}
            onResponderMove={[Function]}
            onResponderRelease={[Function]}
            onResponderTerminate={[Function]}
            onResponderTerminationRequest={[Function]}
            onStartShouldSetResponder={[Function]}
            style={
              {
                "alignSelf": "center",
                "marginTop": 50,
                "opacity": 1,
              }
            }
          >
            <Text
              style={
                {
                  "color": "#003D7D",
                  "fontFamily": "CenturyGothic",
                  "fontSize": 28,
                  "fontWeight": "700",
                  "lineHeight": 32,
                  "textAlign": "center",
                }
              }
            >
              [missing "en.leave" translation]
            </Text>
          </View>
        </View>
      </View>
    </View>
  </Modal>
</View>
`;
